<!DOCTYPE html>
<html lang="en">
<head>
	<meta charset="UTF-8">
	<title>Golden</title>
	<link rel="stylesheet"  href="reset.css">
	<link rel="stylesheet" type="text/css" href="style.css">
</head>
<body>
	<header>
		<div class="container">
			<div class="ffr">
				<img src="img/logo.png" alt="" class="logo">
				<nav>
					<ul class="menu">
						<li><a href="#">HOME</a></li>
						<li><a href="#">SOURCES</a></li>
						<li><a href="#">PORTFOLIO</a></li>
						<li><a href="#">ABOUT</a></li>
						<li><a href="#">contact</a></li>		
					</ul>
				</nav>
			</div>
			<div class="titles">
				<h3 class="head-1">Welcome to our studio!</h3>
				<h1 class="head-2">It's nice to meet you!</h1>
			</div>
			<a id="button" href="#">Tell me more</a>
		</div>
	</header>
	<section>
		<div class="container">
			<div class="services">
				<h1 class="main-header">SERVICES</h1>
				<p class="under-header">Proin iaculis purus consequat sem cure.</p>
			</div>
			<div class="flex">
				<div class="box">
					<img src="img/icon1.png" class="img" alt="">
					<h4 class="small_header">E-Commerce</h4>
					<p class="small_text">Proin iaculis purus consequat sem cure digni ssim. Donec porttitora entum suscipit aenean rhoncus posuere odio in tincidunt.</p>		
				</div>
				<div class="box">
					<img src="img/icon2.png" class="img" alt="">
					<h4 class="small_header">Responsive Web</h4>	
					<p class="small_text">Proin iaculis purus consequat sem cure digni ssim. Donec porttitora entum suscipit aenean rhoncus posuere odio in tincidunt.</p>
				</div>
				<div class="box">
					<img src="img/icon3.png" class="img" alt="">
					<h4 class="small_header">Web Security</h4>
					<p class="small_text">Proin iaculis purus consequat sem cure digni ssim. Donec porttitora entum suscipit aenean rhoncus posuere odio in tincidunt.</p>	
				</div>
			</div>
		</div>
	</section>
	<section>
		<div class="container">
			<div class="services">
				<h1 class="main-header">OUR PORTFOLIO</h1>
				<p class="under-header">Proin iaculis purus consequat sem cure.</p>
			</div>
			<div class="flex">
				<div class="box">
					<img src="img/img1.jpg" class="img" alt="">	
				</div>
				<div class="box">
					<img src="img/img2.jpg" class="img" alt="">
				</div>
				<div class="box">
					<img src="img/img3.jpg" class="img" alt="">
				</div>
			</div>
		</section>
		<section>
			<div class="container">
				<div class="about">
					<h1 class="main-header">ABOUT US</h1>
					<p class="under-header">Proin iaculis purus consequat sem cure.</p>
				</div>
				<div class="about__inner">
					<div class="about__box">
						<img src="img/about1.jpg" alt="">
						<p class="text-leftside text">
							<span class="mounth">July 2010</span><br>
							<span class="subheader">Our Humble Beginings</span><br>
						Lorem ipsum dolor sit amet, consectetur adipisicing elit. Quos tempore similique fugit alias, tenetur quod id dolorum veniam doloremque quisquam repellat temporibus, excepturi at placeat? Dolore assumenda fugiat sequi at.</p>
					</div>

					<div class="about__box">
						<img src="img/about2.jpg" alt="" class="img1">
						<p class="text-rightside text">
							<span class="mounth">January 2011</span><br>
							<span class="subheader">Facing Startup Battles</span><br>
							Lorem ipsum dolor sit amet, consectetur adipisicing elit. Quos tempore similique fugit alias, tenetur quod id dolorum veniam doloremque quisquam repellat temporibus, excepturi at placeat? Dolore assumenda fugiat sequi at.
						</p>
					</div>
					<div class="about__box">
						<img src="img/about3.jpg" alt="">
						<p class="text-leftside text">
							<span class="mounth">December 2012</span><br>
							<span class="subheader">Enter The Dark Days</span><br>
						Lorem ipsum dolor sit amet, consectetur adipisicing elit. Quos tempore similique fugit alias, tenetur quod id dolorum veniam doloremque quisquam repellat temporibus, excepturi at placeat? Dolore assumenda fugiat sequi at.</p>
					</div>
					<div class="about__box">
						<img src="img/about4.jpg" alt="">
						<p class="text-rightside text">
							<span class="mounth">February 2014</span><br>
							<span class="subheader">Our Triumph</span><br> 
						Lorem ipsum dolor sit amet, consectetur adipisicing elit. Quos tempore similique fugit alias, tenetur quod id dolorum veniam doloremque quisquam repellat temporibus, excepturi at placeat? Dolore assumenda fugiat sequi at.</p>
					</div>
				</div>
			</div>
		</div>
	</div>
</section>
</body>
</html>